stm32l4xx_it.c:80:6:NMI_Handler	4	static
stm32l4xx_it.c:93:6:HardFault_Handler	4	static
stm32l4xx_it.c:108:6:MemManage_Handler	4	static
stm32l4xx_it.c:123:6:BusFault_Handler	4	static
stm32l4xx_it.c:138:6:UsageFault_Handler	4	static
stm32l4xx_it.c:153:6:SVC_Handler	4	static
stm32l4xx_it.c:166:6:DebugMon_Handler	4	static
stm32l4xx_it.c:179:6:PendSV_Handler	4	static
stm32l4xx_it.c:192:6:SysTick_Handler	8	static
stm32l4xx_it.c:213:6:EXTI1_IRQHandler	8	static
stm32l4xx_it.c:227:6:EXTI9_5_IRQHandler	8	static
stm32l4xx_it.c:244:6:TIM1_UP_TIM16_IRQHandler	8	static
stm32l4xx_it.c:280:6:EXTI15_10_IRQHandler	8	static
stm32l4xx_it.c:298:6:RTC_Alarm_IRQHandler	8	static
