core_cm4.h:2064:26:ITM_SendChar	16	static,ignoring_inline_asm
syscalls.c:49:6:initialise_monitor_handles	4	static
syscalls.c:53:5:_getpid	4	static
syscalls.c:58:5:_kill	16	static
syscalls.c:64:6:_exit	16	static
syscalls.c:70:27:_read	32	static
syscalls.c:93:5:_write	32	static
syscalls.c:102:5:_close	16	static
syscalls.c:108:5:_fstat	16	static
syscalls.c:114:5:_isatty	16	static
syscalls.c:119:5:_lseek	24	static
syscalls.c:124:5:_open	12	static
syscalls.c:130:5:_wait	16	static
syscalls.c:136:5:_unlink	16	static
syscalls.c:142:5:_times	16	static
syscalls.c:147:5:_stat	16	static
syscalls.c:153:5:_link	16	static
syscalls.c:159:5:_fork	8	static
syscalls.c:165:5:_execve	24	static
